// Jest Snapshot v1, https://goo.gl/fbAQLP

exports[`Test on PageTitle component should match with snapshot 1`] = `
<div>
  <h2
    class="text-2xl font-bold uppercase"
  >
    Test title
  </h2>
</div>
`;
